// Jest Snapshot v1, https://goo.gl/fbAQLP

exports[`Styled Component: <Wrapper /> should render markup 1`] = `
.c0 {
  display: -webkit-box;
  display: -webkit-flex;
  display: -ms-flexbox;
  display: flex;
  -webkit-flex-direction: column;
  -ms-flex-direction: column;
  flex-direction: column;
  min-height: 100vh;
}

<ThemeProvider
  theme={
    Object {
      "sizes": Object {
        "lg": "1000px",
        "md": "736px",
        "sm": "540px",
      },
    }
  }
>
  <Wrapper>
    <div
      className="c0"
    />
  </Wrapper>
</ThemeProvider>
`;
