// Jest Snapshot v1, https://goo.gl/fbAQLP

exports[`Styled Component: <Wrapper /> should render markup 1`] = `
.c0 {
  -webkit-align-items: inherit;
  -webkit-box-align: inherit;
  -ms-flex-align: inherit;
  align-items: inherit;
  display: -webkit-box;
  display: -webkit-flex;
  display: -ms-flexbox;
  display: flex;
  -webkit-flex-direction: row;
  -ms-flex-direction: row;
  flex-direction: row;
  -webkit-box-pack: inherit;
  -webkit-justify-content: inherit;
  -ms-flex-pack: inherit;
  justify-content: inherit;
  text-align: inherit;
  background-color: #ffffff;
  min-height: 100vh;
  max-width: 100vw;
  padding: 0 1em;
}

@media (min-width:736px) {
  .c0 {
    padding: 0 4em;
  }
}

<ThemeProvider
  theme={
    Object {
      "accent": "#df744a",
      "bg": "#ffffff",
      "fg": "#bfd8d2",
      "highlight": "#dcb239",
      "lowlight": "#36454f",
      "sizes": Object {
        "lg": "900px",
        "md": "736px",
        "sm": "540px",
      },
    }
  }
>
  <Wrapper
    align="inherit"
    direction="row"
    justify="inherit"
    tAlign="inherit"
  >
    <div
      className="c0"
      direction="row"
    />
  </Wrapper>
</ThemeProvider>
`;
