// Jest Snapshot v1, https://goo.gl/fbAQLP

exports[`Component: A Renders without exploding as button 1`] = `
<button
  class="jsx-3406940974 "
  name="family"
>
  Family
</button>
`;

exports[`Component: A Renders without exploding as navigation link 1`] = `
<a
  class="jsx-3323161863 linkToGallery"
  href="/gallery"
>
  Visit Gallery
</a>
`;
