// Jest Snapshot v1, https://goo.gl/fbAQLP

exports[`Component: Footer Renders without exploding 1`] = `
<footer
  class="jsx-747610455"
>
  <div
    class="jsx-590062731 social"
  >
    <a
      href="https://www.facebook.com/masha.eltsova"
    >
      <span
        aria-hidden="true"
        class="fa fa-facebook fa-2x"
      />
    </a>
    <a
      href="https://www.instagram.com/mashaeltcovaphotography"
    >
      <span
        aria-hidden="true"
        class="fa fa-instagram fa-2x"
      />
    </a>
    <a
      href="https://www.vk.com/club65938200"
    >
      <span
        aria-hidden="true"
        class="fa fa-vk fa-2x"
      />
    </a>
    <a
      href="https://twitter.com/MASHAELTSOVA"
    >
      <span
        aria-hidden="true"
        class="fa fa-twitter fa-2x"
      />
    </a>
  </div>
  <div
    class="jsx-590062731 copyright"
  >
    <div
      class="jsx-1032329529"
    >
      <a
        class="jsx-1032329529"
        href="https://codybrunner.rocks"
      >
        <span
          class="jsx-1032329529"
        >
          Designed by Cody Brunner
        </span>
      </a>
      <span
        class="jsx-1032329529"
      >
        All images 
        <span
          aria-hidden="true"
          class="fa fa-copyright fa-lg"
        />
         2017 Masha Eltsova Photography
      </span>
    </div>
  </div>
</footer>
`;
