// Jest Snapshot v1, https://goo.gl/fbAQLP

exports[`Component: Form Renders without exploding 1`] = `
<form
  class="jsx-1188712385"
>
  <div
    class="jsx-3773761155 firstName"
  >
    <label
      class="jsx-3773761155"
      for="firstName"
    >
      First Name
    </label>
    <input
      class="jsx-3773761155"
      name="firstName"
      type="text"
      value=""
    />
  </div>
  <div
    class="jsx-3773761155 lastName"
  >
    <label
      class="jsx-3773761155"
      for="lastName"
    >
      Last Name
    </label>
    <input
      class="jsx-3773761155"
      name="lastName"
      type="text"
      value=""
    />
  </div>
  <div
    class="jsx-3773761155 email"
  >
    <label
      class="jsx-3773761155"
      for="email"
    >
      Email
    </label>
    <input
      class="jsx-3773761155"
      name="email"
      type="email"
      value=""
    />
  </div>
  <div
    class="jsx-3773761155 phone"
  >
    <label
      class="jsx-3773761155"
      for="phone"
    >
      Phone
    </label>
    <input
      class="jsx-3773761155"
      name="phone"
      type="tel"
      value=""
    />
  </div>
  <div
    class="jsx-3773761155 message"
  >
    <label
      class="jsx-3773761155"
      for="message"
    >
      Short Message
    </label>
    <input
      class="jsx-3773761155"
      name="message"
      type="text"
      value=""
    />
  </div>
  <div
    class="jsx-4021739229 button"
  >
    <button
      class="jsx-4021739229"
      disabled=""
      type="submit"
    >
      Book Now!
    </button>
  </div>
</form>
`;
