// Jest Snapshot v1, https://goo.gl/fbAQLP

exports[`Component: Icon Renders without exploding as copyright icon 1`] = `
<a
  class="jsx-1299221301"
  href="https://rcws-development.com"
>
  <span
    class="jsx-1299221301"
  >
    Designed by RCWS Development 2017
  </span>
</a>
`;

exports[`Component: Icon Renders without exploding as social icon 1`] = `
<a
  href="https://instagram.com"
>
  <span
    aria-hidden="true"
    class="fa fa-instagram fa-2x"
  />
</a>
`;
