// Jest Snapshot v1, https://goo.gl/fbAQLP

exports[`Component: SubNav Renders without exploding 1`] = `
<nav
  class="jsx-615156141"
>
  <button
    class="jsx-3406940974 "
    name="link 1"
  >
    Link 1
  </button>
  <button
    class="jsx-3406940974 "
    name="link 2"
  >
    Link 2
  </button>
  <button
    class="jsx-3406940974 "
    name="link 3"
  >
    Link 3
  </button>
</nav>
`;
