// Jest Snapshot v1, https://goo.gl/fbAQLP

exports[`Pages: 404 should render markup 1`] = `
.c0 {
  color: slategrey;
}

<NotFoundPage>
  <div>
    <Title
      color="slategrey"
      text="NOT FOUND"
    >
      <StyledTitle
        color="slategrey"
      >
        <h1
          className="c0"
          color="slategrey"
        >
          NOT FOUND
        </h1>
      </StyledTitle>
    </Title>
  </div>
</NotFoundPage>
`;
