// Jest Snapshot v1, https://goo.gl/fbAQLP

exports[`IndexPage "en" Snapshot 1`] = `
<div>
  <div
    class="jsx-867203339"
  />
  <main
    class="jsx-1548676517 grid"
  >
    <section
      class="jsx-1268207398 header"
    >
      Header
    </section>
    <nav>
      Navigation
    </nav>
    <section
      class="jsx-1268207398 about"
    >
      About
    </section>
    <section
      class="jsx-1268207398 services"
    >
      Services
    </section>
    <section
      class="jsx-1268207398 gallery"
    >
      Gallery
    </section>
    <section
      class="jsx-1268207398 booking"
    >
      Booking
    </section>
    <footer>
      Footer
    </footer>
  </main>
</div>
`;

exports[`IndexPage "ru" Snapshot 1`] = `
<h1>
  Hello World!
</h1>
`;
