// Jest Snapshot v1, https://goo.gl/fbAQLP

exports[`Template: <Gallery /> should render markup 1`] = `
<GalleryTemplate
  pathContext={
    Object {
      "photos": Array [
        Object {
          "node": Object {
            "id": 1,
            "resolutions": Object {
              "base64": "/static/pic.jpg",
              "height": 200,
              "src": "/static/pic.jpg",
              "srcSet": "/static/pic.jpg",
              "srcSetWebp": "/static/pic.jpg",
              "srcWebp": "/static/pic.jpg",
              "width": 200,
            },
          },
        },
      ],
    }
  }
>
  <div>
    <div>
      <Image
        Tag="div"
        alt=""
        fadeIn={true}
        key="1"
        resolutions={
          Object {
            "base64": "/static/pic.jpg",
            "height": 200,
            "src": "/static/pic.jpg",
            "srcSet": "/static/pic.jpg",
            "srcSetWebp": "/static/pic.jpg",
            "srcWebp": "/static/pic.jpg",
            "width": 200,
          }
        }
      >
        <div
          className=" gatsby-image-outer-wrapper"
          style={
            Object {
              "position": "relative",
            }
          }
        >
          <div
            className=" gatsby-image-wrapper"
            style={
              Object {
                "display": "inline-block",
                "height": 200,
                "overflow": "hidden",
                "position": "relative",
                "width": 200,
              }
            }
          >
            <Img
              alt=""
              src="/static/pic.jpg"
              style={
                Object {
                  "opacity": 0,
                  "transitionDelay": "0.25s",
                }
              }
            >
              <img
                alt=""
                src="/static/pic.jpg"
                style={
                  Object {
                    "height": "100%",
                    "left": 0,
                    "objectFit": "cover",
                    "objectPosition": "center",
                    "opacity": 0,
                    "position": "absolute",
                    "top": 0,
                    "transition": "opacity 0.5s",
                    "transitionDelay": "0.25s",
                    "width": "100%",
                  }
                }
              />
            </Img>
            <Img
              alt=""
              height={200}
              onLoad={[Function]}
              src="/static/pic.jpg"
              srcSet="/static/pic.jpg"
              style={
                Object {
                  "opacity": 1,
                }
              }
              width={200}
            >
              <img
                alt=""
                height={200}
                onLoad={[Function]}
                src="/static/pic.jpg"
                srcSet="/static/pic.jpg"
                style={
                  Object {
                    "height": "100%",
                    "left": 0,
                    "objectFit": "cover",
                    "objectPosition": "center",
                    "opacity": 1,
                    "position": "absolute",
                    "top": 0,
                    "transition": "opacity 0.5s",
                    "width": "100%",
                  }
                }
                width={200}
              />
            </Img>
            <noscript
              dangerouslySetInnerHTML={
                Object {
                  "__html": "<img width=\\"200\\" height=\\"200\\" src=\\"/static/pic.jpg\\" srcset=\\"/static/pic.jpg\\" alt=\\"\\" title=\\"\\" sizes=\\"\\" style=\\"position:absolute;top:0;left:0;transition:opacity 0.5s;transition-delay:0.5s;opacity:1;width:100%;height:100%;object-fit:cover;object-position:center\\"/>",
                }
              }
            />
          </div>
        </div>
      </Image>
    </div>
  </div>
</GalleryTemplate>
`;
